Info: Starting: Create simulation model
Info: qsys-generate /home/visier/FPGA_Porject/VisierCustom/20.FFT/prj/ipcore/fft/fft.qsys --simulation=VERILOG --allow-mixed-language-simulation --output-directory=/home/visier/FPGA_Porject/VisierCustom/20.FFT/prj/ipcore/fft/fft/simulation --family="Cyclone IV E" --part=EP4CE10F17C8
Progress: Loading fft/fft.qsys
Progress: Reading input file
Progress: Adding fft_ii_0 [altera_fft_ii 24.1]
Progress: Parameterizing module fft_ii_0
Progress: Building connections
Progress: Parameterizing connections
Progress: Validating
Progress: Done reading input file
Info: fft.fft_ii_0: Radix-2 digit reverse implied
Info: fft: Generating "fft" for SIM_VERILOG
Info: fft_ii_0: --- add file: fft_fft_ii_0_opt_twi1.hex
Info: fft_ii_0: --- add file: fft_fft_ii_0_opt_twr4.hex
Info: fft_ii_0: --- add file: fft_fft_ii_0_opt_twr1.hex
Info: fft_ii_0: --- add file: fft_fft_ii_0_opt_twi2.hex
Info: fft_ii_0: --- add file: fft_fft_ii_0_opt_twi3.hex
Info: fft_ii_0: --- add file: fft_fft_ii_0_opt_twr2.hex
Info: fft_ii_0: --- add file: fft_fft_ii_0_opt_twi4.hex
Info: fft_ii_0: --- add file: fft_fft_ii_0_opt_twr3.hex
Info: fft_ii_0: "fft" instantiated altera_fft_ii "fft_ii_0"
Info: fft: Done "fft" with 2 modules, 208 files
Info: qsys-generate succeeded.
Info: Finished: Create simulation model
Info: Starting: Create Modelsim Project.
Info: sim-script-gen --spd=/home/visier/FPGA_Porject/VisierCustom/20.FFT/prj/ipcore/fft/fft/fft.spd --output-directory=/home/visier/FPGA_Porject/VisierCustom/20.FFT/prj/ipcore/fft/fft/simulation/ --use-relative-paths=true
Info: Doing: ip-make-simscript --spd=/home/visier/FPGA_Porject/VisierCustom/20.FFT/prj/ipcore/fft/fft/fft.spd --output-directory=/home/visier/FPGA_Porject/VisierCustom/20.FFT/prj/ipcore/fft/fft/simulation/ --use-relative-paths=true
Info: Generating the following file(s) for XCELIUM simulator in /home/visier/FPGA_Porject/VisierCustom/20.FFT/prj/ipcore/fft/fft/simulation/ directory:
Info: 	xcelium/cds.lib
Info: 	xcelium/hdl.var
Info: 	xcelium/xcelium_setup.sh
Info: 	1 .cds.lib files in xcelium/cds_libs/ directory
Info: Skipping VCS script generation since VHDL file $QUARTUS_INSTALL_DIR/eda/sim_lib/altera_syn_attributes.vhd is required for simulation
Info: Generating the following file(s) for VCSMX simulator in /home/visier/FPGA_Porject/VisierCustom/20.FFT/prj/ipcore/fft/fft/simulation/ directory:
Info: 	synopsys/vcsmx/synopsys_sim.setup
Info: 	synopsys/vcsmx/vcsmx_setup.sh
Info: Generating the following file(s) for MODELSIM simulator in /home/visier/FPGA_Porject/VisierCustom/20.FFT/prj/ipcore/fft/fft/simulation/ directory:
Info: 	mentor/msim_setup.tcl
Info: Generating the following file(s) for RIVIERA simulator in /home/visier/FPGA_Porject/VisierCustom/20.FFT/prj/ipcore/fft/fft/simulation/ directory:
Info: 	aldec/rivierapro_setup.tcl
Info: For information on how to simulate your IP, see the explanatory comments in the simulator-specific subdirectories under /home/visier/FPGA_Porject/VisierCustom/20.FFT/prj/ipcore/fft/fft/simulation/.
Info: Regenerate these scripts whenever you make any change to any Quartus-generated IP in your project.
Info: Finished: Create Modelsim Project.
Info: Starting: Create block symbol file (.bsf)
Info: qsys-generate /home/visier/FPGA_Porject/VisierCustom/20.FFT/prj/ipcore/fft/fft.qsys --block-symbol-file --output-directory=/home/visier/FPGA_Porject/VisierCustom/20.FFT/prj/ipcore/fft/fft --family="Cyclone IV E" --part=EP4CE10F17C8
Progress: Loading fft/fft.qsys
Progress: Reading input file
Progress: Adding fft_ii_0 [altera_fft_ii 24.1]
Progress: Parameterizing module fft_ii_0
Progress: Building connections
Progress: Parameterizing connections
Progress: Validating
Progress: Done reading input file
Info: fft.fft_ii_0: Radix-2 digit reverse implied
Info: qsys-generate succeeded.
Info: Finished: Create block symbol file (.bsf)
Info: 
Info: Starting: Create HDL design files for synthesis
Info: qsys-generate /home/visier/FPGA_Porject/VisierCustom/20.FFT/prj/ipcore/fft/fft.qsys --synthesis=VERILOG --greybox --output-directory=/home/visier/FPGA_Porject/VisierCustom/20.FFT/prj/ipcore/fft/fft/synthesis --family="Cyclone IV E" --part=EP4CE10F17C8
Progress: Loading fft/fft.qsys
Progress: Reading input file
Progress: Adding fft_ii_0 [altera_fft_ii 24.1]
Progress: Parameterizing module fft_ii_0
Progress: Building connections
Progress: Parameterizing connections
Progress: Validating
Progress: Done reading input file
Info: fft.fft_ii_0: Radix-2 digit reverse implied
Info: fft: Generating "fft" for QUARTUS_SYNTH
Info: fft_ii_0: --- add file: fft_fft_ii_0_opt_twi1.hex
Info: fft_ii_0: --- add file: fft_fft_ii_0_opt_twr4.hex
Info: fft_ii_0: --- add file: fft_fft_ii_0_opt_twr1.hex
Info: fft_ii_0: --- add file: fft_fft_ii_0_opt_twi2.hex
Info: fft_ii_0: --- add file: fft_fft_ii_0_opt_twi3.hex
Info: fft_ii_0: --- add file: fft_fft_ii_0_opt_twr2.hex
Info: fft_ii_0: --- add file: fft_fft_ii_0_opt_twi4.hex
Info: fft_ii_0: --- add file: fft_fft_ii_0_opt_twr3.hex
Info: fft_ii_0: "fft" instantiated altera_fft_ii "fft_ii_0"
Info: fft: Done "fft" with 2 modules, 50 files
Info: Generating third-party timing and resource estimation model ...
Info: Done generating third-party timing and resource estimation model.
Info: qsys-generate succeeded.
Info: Finished: Create HDL design files for synthesis
